{"type":"server-started","port":59232,"host":"127.0.0.1","url_host":"localhost","url":"http://localhost:59232","screen_dir":"/Users/h3art/Documents/github/shelf/.superpowers/brainstorm/56544-1778222690/content","state_dir":"/Users/h3art/Documents/github/shelf/.superpowers/brainstorm/56544-1778222690/state"}
{"type":"screen-added","file":"/Users/h3art/Documents/github/shelf/.superpowers/brainstorm/56544-1778222690/content/current-state.html"}
{"type":"screen-updated","file":"/Users/h3art/Documents/github/shelf/.superpowers/brainstorm/56544-1778222690/content/current-state.html"}
{"type":"screen-updated","file":"/Users/h3art/Documents/github/shelf/.superpowers/brainstorm/56544-1778222690/content/current-state.html"}
{"type":"screen-added","file":"/Users/h3art/Documents/github/shelf/.superpowers/brainstorm/56544-1778222690/content/style-direction.html"}
{"type":"screen-updated","file":"/Users/h3art/Documents/github/shelf/.superpowers/brainstorm/56544-1778222690/content/style-direction.html"}
{"type":"screen-updated","file":"/Users/h3art/Documents/github/shelf/.superpowers/brainstorm/56544-1778222690/content/style-direction.html"}
{"type":"screen-updated","file":"/Users/h3art/Documents/github/shelf/.superpowers/brainstorm/56544-1778222690/content/style-direction.html"}
{"type":"screen-added","file":"/Users/h3art/Documents/github/shelf/.superpowers/brainstorm/56544-1778222690/content/style-visuals.html"}
{"type":"screen-updated","file":"/Users/h3art/Documents/github/shelf/.superpowers/brainstorm/56544-1778222690/content/style-visuals.html"}
{"type":"screen-updated","file":"/Users/h3art/Documents/github/shelf/.superpowers/brainstorm/56544-1778222690/content/style-visuals.html"}
{"type":"screen-added","file":"/Users/h3art/Documents/github/shelf/.superpowers/brainstorm/56544-1778222690/content/web-styles.html"}
{"type":"screen-updated","file":"/Users/h3art/Documents/github/shelf/.superpowers/brainstorm/56544-1778222690/content/web-styles.html"}
{"type":"screen-updated","file":"/Users/h3art/Documents/github/shelf/.superpowers/brainstorm/56544-1778222690/content/web-styles.html"}
{"type":"screen-added","file":"/Users/h3art/Documents/github/shelf/.superpowers/brainstorm/56544-1778222690/content/web-styles-9.html"}
{"type":"screen-updated","file":"/Users/h3art/Documents/github/shelf/.superpowers/brainstorm/56544-1778222690/content/web-styles-9.html"}
{"type":"screen-updated","file":"/Users/h3art/Documents/github/shelf/.superpowers/brainstorm/56544-1778222690/content/web-styles-9.html"}
{"type":"screen-added","file":"/Users/h3art/Documents/github/shelf/.superpowers/brainstorm/56544-1778222690/content/fusion-direction.html"}
{"type":"screen-updated","file":"/Users/h3art/Documents/github/shelf/.superpowers/brainstorm/56544-1778222690/content/fusion-direction.html"}
{"type":"screen-updated","file":"/Users/h3art/Documents/github/shelf/.superpowers/brainstorm/56544-1778222690/content/fusion-direction.html"}
{"type":"screen-added","file":"/Users/h3art/Documents/github/shelf/.superpowers/brainstorm/56544-1778222690/content/glow-comparison.html"}
{"type":"screen-updated","file":"/Users/h3art/Documents/github/shelf/.superpowers/brainstorm/56544-1778222690/content/glow-comparison.html"}
{"type":"screen-updated","file":"/Users/h3art/Documents/github/shelf/.superpowers/brainstorm/56544-1778222690/content/glow-comparison.html"}
{"type":"screen-updated","file":"/Users/h3art/Documents/github/shelf/.superpowers/brainstorm/56544-1778222690/content/glow-comparison.html"}
{"type":"screen-added","file":"/Users/h3art/Documents/github/shelf/.superpowers/brainstorm/56544-1778222690/content/homepage-design.html"}
{"type":"screen-updated","file":"/Users/h3art/Documents/github/shelf/.superpowers/brainstorm/56544-1778222690/content/homepage-design.html"}
{"type":"screen-updated","file":"/Users/h3art/Documents/github/shelf/.superpowers/brainstorm/56544-1778222690/content/homepage-design.html"}
{"type":"screen-updated","file":"/Users/h3art/Documents/github/shelf/.superpowers/brainstorm/56544-1778222690/content/homepage-design.html"}
{"type":"screen-added","file":"/Users/h3art/Documents/github/shelf/.superpowers/brainstorm/56544-1778222690/content/shelf-layout.html"}
{"type":"screen-updated","file":"/Users/h3art/Documents/github/shelf/.superpowers/brainstorm/56544-1778222690/content/shelf-layout.html"}
{"type":"screen-updated","file":"/Users/h3art/Documents/github/shelf/.superpowers/brainstorm/56544-1778222690/content/shelf-layout.html"}
{"type":"screen-added","file":"/Users/h3art/Documents/github/shelf/.superpowers/brainstorm/56544-1778222690/content/shelf-layouts-4.html"}
{"type":"screen-updated","file":"/Users/h3art/Documents/github/shelf/.superpowers/brainstorm/56544-1778222690/content/shelf-layouts-4.html"}
{"type":"screen-updated","file":"/Users/h3art/Documents/github/shelf/.superpowers/brainstorm/56544-1778222690/content/shelf-layouts-4.html"}
{"type":"screen-updated","file":"/Users/h3art/Documents/github/shelf/.superpowers/brainstorm/56544-1778222690/content/shelf-layouts-4.html"}
{"type":"screen-added","file":"/Users/h3art/Documents/github/shelf/.superpowers/brainstorm/56544-1778222690/content/shelf-layouts-4-v2.html"}
{"type":"screen-updated","file":"/Users/h3art/Documents/github/shelf/.superpowers/brainstorm/56544-1778222690/content/shelf-layouts-4-v2.html"}
{"type":"screen-updated","file":"/Users/h3art/Documents/github/shelf/.superpowers/brainstorm/56544-1778222690/content/shelf-layouts-4-v2.html"}
{"type":"screen-added","file":"/Users/h3art/Documents/github/shelf/.superpowers/brainstorm/56544-1778222690/content/card-interactions.html"}
{"type":"screen-updated","file":"/Users/h3art/Documents/github/shelf/.superpowers/brainstorm/56544-1778222690/content/card-interactions.html"}
{"type":"screen-updated","file":"/Users/h3art/Documents/github/shelf/.superpowers/brainstorm/56544-1778222690/content/style-direction.html"}
{"type":"screen-updated","file":"/Users/h3art/Documents/github/shelf/.superpowers/brainstorm/56544-1778222690/content/web-styles-9.html"}
{"type":"screen-updated","file":"/Users/h3art/Documents/github/shelf/.superpowers/brainstorm/56544-1778222690/content/shelf-layout.html"}
{"type":"screen-updated","file":"/Users/h3art/Documents/github/shelf/.superpowers/brainstorm/56544-1778222690/content/current-state.html"}
{"type":"server-stopped","reason":"idle timeout"}
